[0] -> 
	[0] -> Hello
	[1] -> World
[1] -> 
	[0] -> Tom
	[1] -> Joe
