[zero] -> Lance
[one] -> Jim
[two] -> James
[three] -> 
	[primary] -> LLewellyn
	[other] -> Jason
